// Jest Snapshot v1, https://goo.gl/fbAQLP

exports[`Counter Component Debe de hacer match con el snapshot 1`] = `
<div id="counter">
  <h2 class="title">Counter</h2><label for="elevacion">Ingresa el numero de elevacion </label><input id="elevacion" type="text">
  <p>0 <sup>0</sup> = 0</p><button>Ingrementar numero base</button>
  <result-stub result="0"></result-stub>
</div>
`;
